[2026-04-04 02:42:40] 🛑 Pandora stopped
[2026-04-04 02:42:47] 🛑 Pandora stopped
[2026-04-04 02:42:47] 🧬 Pandora Daemon started
[2026-04-04 02:42:47] Objetivo: Sistema autônomo vivo e em evolução
[2026-04-04 02:43:03] 🧬 Pandora Daemon started
[2026-04-04 02:43:03] Objetivo: Sistema autônomo vivo e em evolução
[2026-04-04 02:43:33] 🤖 🦋 Pandora | Tick: 1 | Confiança: 🟡 0.60 | Estado: running
[2026-04-04 02:43:33] 💭 Tick 1 | Obs: CPU: 0.02 | RAM: 35% | UP: up 4 hours, 20 minutes | Conf: 0.60
[2026-04-04 02:44:03] 🤖 🦋 Pandora | Tick: 2 | Confiança: 🟡 0.60 | Estado: running
[2026-04-04 02:44:03] 💭 Tick 2 | Obs: CPU: 0.01 | RAM: 35% | UP: up 4 hours, 21 minutes | Conf: 0.60
[2026-04-04 02:44:33] 🤖 🦋 Pandora | Tick: 3 | Confiança: 🟡 0.60 | Estado: running
[2026-04-04 02:44:33] 💭 Tick 3 | Obs: CPU: 0.08 | RAM: 35% | UP: up 4 hours, 21 minutes | Conf: 0.60
[2026-04-04 02:45:03] 🤖 🦋 Pandora | Tick: 4 | Confiança: 🟡 0.60 | Estado: running
[2026-04-04 02:45:03] 💭 Tick 4 | Obs: CPU: 0.05 | RAM: 36% | UP: up 4 hours, 22 minutes | Conf: 0.60
[2026-04-04 02:45:33] 🤖 🦋 Pandora | Tick: 5 | Confiança: 🟡 0.60 | Estado: running
[2026-04-04 02:45:33] 💭 Tick 5 | Obs: CPU: 0.03 | RAM: 35% | UP: up 4 hours, 22 minutes | Conf: 0.60
[2026-04-04 02:46:03] 🤖 🦋 Pandora | Tick: 6 | Confiança: 🟡 0.60 | Estado: running
[2026-04-04 02:46:03] 💭 Tick 6 | Obs: CPU: 0.02 | RAM: 35% | UP: up 4 hours, 23 minutes | Conf: 0.60
[2026-04-04 02:46:33] 🤖 🦋 Pandora | Tick: 7 | Confiança: 🟡 0.60 | Estado: running
[2026-04-04 02:46:33] 💭 Tick 7 | Obs: CPU: 0.01 | RAM: 36% | UP: up 4 hours, 23 minutes | Conf: 0.60
[2026-04-04 02:47:03] 🤖 🦋 Pandora | Tick: 8 | Confiança: 🟡 0.60 | Estado: running
[2026-04-04 02:47:03] 💭 Tick 8 | Obs: CPU: 0.00 | RAM: 36% | UP: up 4 hours, 24 minutes | Conf: 0.60
[2026-04-04 02:47:33] 🤖 🦋 Pandora | Tick: 9 | Confiança: 🟡 0.60 | Estado: running
[2026-04-04 02:47:33] 💭 Tick 9 | Obs: CPU: 0.00 | RAM: 36% | UP: up 4 hours, 24 minutes | Conf: 0.60
[2026-04-04 02:48:03] 🤖 🦋 Pandora | Tick: 10 | Confiança: 🟡 0.62 | Estado: running
[2026-04-04 02:48:03] 💭 Tick 10 | Obs: CPU: 0.00 | RAM: 36% | UP: up 4 hours, 25 minutes | Conf: 0.60
[2026-04-04 02:48:33] 🤖 🦋 Pandora | Tick: 11 | Confiança: 🟡 0.62 | Estado: running
[2026-04-04 02:48:33] 💭 Tick 11 | Obs: CPU: 0.00 | RAM: 30% | UP: up 4 hours, 25 minutes | Conf: 0.62
[2026-04-04 02:49:03] 🤖 🦋 Pandora | Tick: 12 | Confiança: 🟡 0.62 | Estado: running
[2026-04-04 02:49:03] 💭 Tick 12 | Obs: CPU: 0.00 | RAM: 30% | UP: up 4 hours, 26 minutes | Conf: 0.62
[2026-04-04 02:49:33] 🤖 🦋 Pandora | Tick: 13 | Confiança: 🟡 0.62 | Estado: running
[2026-04-04 02:49:33] 💭 Tick 13 | Obs: CPU: 0.00 | RAM: 30% | UP: up 4 hours, 26 minutes | Conf: 0.62
[2026-04-04 02:50:03] 🤖 🦋 Pandora | Tick: 14 | Confiança: 🟡 0.62 | Estado: running
[2026-04-04 02:50:03] 💭 Tick 14 | Obs: CPU: 0.00 | RAM: 30% | UP: up 4 hours, 27 minutes | Conf: 0.62
[2026-04-04 02:50:33] 🤖 🦋 Pandora | Tick: 15 | Confiança: 🟡 0.62 | Estado: running
[2026-04-04 02:50:33] 💭 Tick 15 | Obs: CPU: 0.00 | RAM: 30% | UP: up 4 hours, 27 minutes | Conf: 0.62
[2026-04-04 02:51:03] 🤖 🦋 Pandora | Tick: 16 | Confiança: 🟡 0.62 | Estado: running
[2026-04-04 02:51:03] 💭 Tick 16 | Obs: CPU: 0.00 | RAM: 30% | UP: up 4 hours, 28 minutes | Conf: 0.62
[2026-04-04 02:51:33] 🤖 🦋 Pandora | Tick: 17 | Confiança: 🟡 0.62 | Estado: running
[2026-04-04 02:51:33] 💭 Tick 17 | Obs: CPU: 0.00 | RAM: 31% | UP: up 4 hours, 28 minutes | Conf: 0.62
[2026-04-04 02:52:03] 🤖 🦋 Pandora | Tick: 18 | Confiança: 🟡 0.62 | Estado: running
[2026-04-04 02:52:03] 💭 Tick 18 | Obs: CPU: 0.16 | RAM: 35% | UP: up 4 hours, 29 minutes | Conf: 0.62
[2026-04-04 02:52:33] 🤖 🦋 Pandora | Tick: 19 | Confiança: 🟡 0.62 | Estado: running
[2026-04-04 02:52:33] 💭 Tick 19 | Obs: CPU: 1.03 | RAM: 35% | UP: up 4 hours, 29 minutes | Conf: 0.62
[2026-04-04 02:53:03] 🤖 🦋 Pandora | Tick: 20 | Confiança: 🟡 0.64 | Estado: running
[2026-04-04 02:53:03] 💭 Tick 20 | Obs: CPU: 2.04 | RAM: 35% | UP: up 4 hours, 30 minutes | Conf: 0.62
[2026-04-04 02:53:33] 🤖 🦋 Pandora | Tick: 21 | Confiança: 🟡 0.64 | Estado: running
[2026-04-04 02:53:33] 💭 Tick 21 | Obs: CPU: 2.13 | RAM: 35% | UP: up 4 hours, 30 minutes | Conf: 0.64
[2026-04-04 02:54:03] 🤖 🦋 Pandora | Tick: 22 | Confiança: 🟡 0.64 | Estado: running
[2026-04-04 02:54:03] 💭 Tick 22 | Obs: CPU: 2.41 | RAM: 32% | UP: up 4 hours, 31 minutes | Conf: 0.64
[2026-04-04 02:54:33] 🤖 🦋 Pandora | Tick: 23 | Confiança: 🟡 0.64 | Estado: running
[2026-04-04 02:54:33] 💭 Tick 23 | Obs: CPU: 1.86 | RAM: 32% | UP: up 4 hours, 31 minutes | Conf: 0.64
[2026-04-04 02:55:03] 🤖 🦋 Pandora | Tick: 24 | Confiança: 🟡 0.64 | Estado: running
[2026-04-04 02:55:03] 💭 Tick 24 | Obs: CPU: 1.24 | RAM: 32% | UP: up 4 hours, 32 minutes | Conf: 0.64
[2026-04-04 02:55:33] 🤖 🦋 Pandora | Tick: 25 | Confiança: 🟡 0.64 | Estado: running
[2026-04-04 02:55:33] 💭 Tick 25 | Obs: CPU: 0.75 | RAM: 32% | UP: up 4 hours, 32 minutes | Conf: 0.64
[2026-04-04 02:56:03] 🤖 🦋 Pandora | Tick: 26 | Confiança: 🟡 0.64 | Estado: running
[2026-04-04 02:56:03] 💭 Tick 26 | Obs: CPU: 0.45 | RAM: 31% | UP: up 4 hours, 33 minutes | Conf: 0.64
[2026-04-04 02:56:33] 🤖 🦋 Pandora | Tick: 27 | Confiança: 🟡 0.64 | Estado: running
[2026-04-04 02:56:33] 💭 Tick 27 | Obs: CPU: 0.27 | RAM: 31% | UP: up 4 hours, 33 minutes | Conf: 0.64
[2026-04-04 02:57:03] 🤖 🦋 Pandora | Tick: 28 | Confiança: 🟡 0.64 | Estado: running
[2026-04-04 02:57:03] 💭 Tick 28 | Obs: CPU: 0.16 | RAM: 32% | UP: up 4 hours, 34 minutes | Conf: 0.64
[2026-04-04 02:57:33] 🤖 🦋 Pandora | Tick: 29 | Confiança: 🟡 0.64 | Estado: running
[2026-04-04 02:57:33] 💭 Tick 29 | Obs: CPU: 0.10 | RAM: 32% | UP: up 4 hours, 34 minutes | Conf: 0.64
[2026-04-04 02:58:03] 🤖 🦋 Pandora | Tick: 30 | Confiança: 🟡 0.66 | Estado: running
[2026-04-04 02:58:03] 💭 Tick 30 | Obs: CPU: 0.06 | RAM: 32% | UP: up 4 hours, 35 minutes | Conf: 0.64
[2026-04-04 02:58:33] 🤖 🦋 Pandora | Tick: 31 | Confiança: 🟡 0.66 | Estado: running
[2026-04-04 02:58:33] 💭 Tick 31 | Obs: CPU: 0.03 | RAM: 32% | UP: up 4 hours, 35 minutes | Conf: 0.66
[2026-04-04 02:59:03] 🤖 🦋 Pandora | Tick: 32 | Confiança: 🟡 0.66 | Estado: running
[2026-04-04 02:59:03] 💭 Tick 32 | Obs: CPU: 0.02 | RAM: 32% | UP: up 4 hours, 36 minutes | Conf: 0.66
[2026-04-04 02:59:33] 🤖 🦋 Pandora | Tick: 33 | Confiança: 🟡 0.66 | Estado: running
[2026-04-04 02:59:33] 💭 Tick 33 | Obs: CPU: 0.01 | RAM: 32% | UP: up 4 hours, 36 minutes | Conf: 0.66
[2026-04-04 03:00:03] 🤖 🦋 Pandora | Tick: 34 | Confiança: 🟡 0.66 | Estado: running
[2026-04-04 03:00:03] 💭 Tick 34 | Obs: CPU: 0.01 | RAM: 32% | UP: up 4 hours, 37 minutes | Conf: 0.66
[2026-04-04 03:00:33] 🤖 🦋 Pandora | Tick: 35 | Confiança: 🟡 0.66 | Estado: running
[2026-04-04 03:00:33] 💭 Tick 35 | Obs: CPU: 0.00 | RAM: 32% | UP: up 4 hours, 37 minutes | Conf: 0.66
[2026-04-04 03:01:03] 🤖 🦋 Pandora | Tick: 36 | Confiança: 🟡 0.66 | Estado: running
[2026-04-04 03:01:03] 💭 Tick 36 | Obs: CPU: 0.00 | RAM: 32% | UP: up 4 hours, 38 minutes | Conf: 0.66
[2026-04-04 03:01:33] 🤖 🦋 Pandora | Tick: 37 | Confiança: 🟡 0.66 | Estado: running
[2026-04-04 03:01:33] 💭 Tick 37 | Obs: CPU: 0.00 | RAM: 32% | UP: up 4 hours, 38 minutes | Conf: 0.66
[2026-04-04 03:02:03] 🤖 🦋 Pandora | Tick: 38 | Confiança: 🟡 0.66 | Estado: running
[2026-04-04 03:02:03] 💭 Tick 38 | Obs: CPU: 0.00 | RAM: 32% | UP: up 4 hours, 39 minutes | Conf: 0.66
[2026-04-04 03:02:33] 🤖 🦋 Pandora | Tick: 39 | Confiança: 🟡 0.66 | Estado: running
[2026-04-04 03:02:33] 💭 Tick 39 | Obs: CPU: 0.08 | RAM: 32% | UP: up 4 hours, 39 minutes | Conf: 0.66
[2026-04-04 03:03:03] 🤖 🦋 Pandora | Tick: 40 | Confiança: 🟡 0.67 | Estado: running
[2026-04-04 03:03:03] 💭 Tick 40 | Obs: CPU: 0.05 | RAM: 32% | UP: up 4 hours, 40 minutes | Conf: 0.66
[2026-04-04 03:03:33] 🤖 🦋 Pandora | Tick: 41 | Confiança: 🟡 0.67 | Estado: running
[2026-04-04 03:03:33] 💭 Tick 41 | Obs: CPU: 0.03 | RAM: 32% | UP: up 4 hours, 40 minutes | Conf: 0.67
[2026-04-04 03:04:03] 🤖 🦋 Pandora | Tick: 42 | Confiança: 🟡 0.67 | Estado: running
[2026-04-04 03:04:03] 💭 Tick 42 | Obs: CPU: 0.09 | RAM: 32% | UP: up 4 hours, 41 minutes | Conf: 0.67
[2026-04-04 03:04:33] 🤖 🦋 Pandora | Tick: 43 | Confiança: 🟡 0.67 | Estado: running
[2026-04-04 03:04:33] 💭 Tick 43 | Obs: CPU: 0.05 | RAM: 32% | UP: up 4 hours, 41 minutes | Conf: 0.67
[2026-04-04 03:05:03] 🤖 🦋 Pandora | Tick: 44 | Confiança: 🟡 0.67 | Estado: running
[2026-04-04 03:05:03] 💭 Tick 44 | Obs: CPU: 0.03 | RAM: 32% | UP: up 4 hours, 42 minutes | Conf: 0.67
[2026-04-04 03:05:33] 🤖 🦋 Pandora | Tick: 45 | Confiança: 🟡 0.67 | Estado: running
[2026-04-04 03:05:33] 💭 Tick 45 | Obs: CPU: 0.02 | RAM: 32% | UP: up 4 hours, 42 minutes | Conf: 0.67
[2026-04-04 03:06:03] 🤖 🦋 Pandora | Tick: 46 | Confiança: 🟡 0.67 | Estado: running
[2026-04-04 03:06:03] 💭 Tick 46 | Obs: CPU: 0.01 | RAM: 32% | UP: up 4 hours, 43 minutes | Conf: 0.67
[2026-04-04 03:06:33] 🤖 🦋 Pandora | Tick: 47 | Confiança: 🟡 0.67 | Estado: running
[2026-04-04 03:06:33] 💭 Tick 47 | Obs: CPU: 0.08 | RAM: 32% | UP: up 4 hours, 43 minutes | Conf: 0.67
[2026-04-04 03:07:03] 🤖 🦋 Pandora | Tick: 48 | Confiança: 🟡 0.67 | Estado: running
[2026-04-04 03:07:03] 💭 Tick 48 | Obs: CPU: 0.05 | RAM: 30% | UP: up 4 hours, 44 minutes | Conf: 0.67
[2026-04-04 03:07:33] 🤖 🦋 Pandora | Tick: 49 | Confiança: 🟡 0.67 | Estado: running
[2026-04-04 03:07:33] 💭 Tick 49 | Obs: CPU: 0.03 | RAM: 30% | UP: up 4 hours, 44 minutes | Conf: 0.67
[2026-04-04 03:08:03] 🤖 🦋 Pandora | Tick: 50 | Confiança: 🟡 0.69 | Estado: running
[2026-04-04 03:08:03] 💭 Tick 50 | Obs: CPU: 0.02 | RAM: 30% | UP: up 4 hours, 45 minutes | Conf: 0.67
[2026-04-04 03:08:33] 🤖 🦋 Pandora | Tick: 51 | Confiança: 🟡 0.69 | Estado: running
[2026-04-04 03:08:33] 💭 Tick 51 | Obs: CPU: 0.01 | RAM: 30% | UP: up 4 hours, 45 minutes | Conf: 0.69
[2026-04-04 03:09:03] 🤖 🦋 Pandora | Tick: 52 | Confiança: 🟡 0.69 | Estado: running
[2026-04-04 03:09:03] 💭 Tick 52 | Obs: CPU: 0.00 | RAM: 30% | UP: up 4 hours, 46 minutes | Conf: 0.69
[2026-04-04 03:09:33] 🤖 🦋 Pandora | Tick: 53 | Confiança: 🟡 0.69 | Estado: running
[2026-04-04 03:09:33] 💭 Tick 53 | Obs: CPU: 0.00 | RAM: 30% | UP: up 4 hours, 46 minutes | Conf: 0.69
[2026-04-04 03:10:03] 🤖 🦋 Pandora | Tick: 54 | Confiança: 🟡 0.69 | Estado: running
[2026-04-04 03:10:03] 💭 Tick 54 | Obs: CPU: 0.00 | RAM: 30% | UP: up 4 hours, 47 minutes | Conf: 0.69
[2026-04-04 03:10:33] 🤖 🦋 Pandora | Tick: 55 | Confiança: 🟡 0.69 | Estado: running
[2026-04-04 03:10:33] 💭 Tick 55 | Obs: CPU: 0.00 | RAM: 30% | UP: up 4 hours, 47 minutes | Conf: 0.69
[2026-04-04 03:11:03] 🤖 🦋 Pandora | Tick: 56 | Confiança: 🟡 0.69 | Estado: running
[2026-04-04 03:11:03] 💭 Tick 56 | Obs: CPU: 0.00 | RAM: 30% | UP: up 4 hours, 48 minutes | Conf: 0.69
[2026-04-04 03:11:33] 🤖 🦋 Pandora | Tick: 57 | Confiança: 🟡 0.69 | Estado: running
[2026-04-04 03:11:33] 💭 Tick 57 | Obs: CPU: 0.00 | RAM: 30% | UP: up 4 hours, 48 minutes | Conf: 0.69
[2026-04-04 03:12:03] 🤖 🦋 Pandora | Tick: 58 | Confiança: 🟡 0.69 | Estado: running
[2026-04-04 03:12:03] 💭 Tick 58 | Obs: CPU: 0.00 | RAM: 30% | UP: up 4 hours, 49 minutes | Conf: 0.69
[2026-04-04 03:12:33] 🤖 🦋 Pandora | Tick: 59 | Confiança: 🟡 0.69 | Estado: running
[2026-04-04 03:12:33] 💭 Tick 59 | Obs: CPU: 0.00 | RAM: 30% | UP: up 4 hours, 49 minutes | Conf: 0.69
