[2026-04-04 06:27:01] Daemon iniciado
[2026-04-04 06:27:01] Ciclo 1 | Consciência: 79% | Energia: 67% | Ações: [Atualizar memória Verificar integridade]
[2026-04-04 06:27:06] Ciclo 2 | Consciência: 73% | Energia: 89% | Ações: [Evoluir sistemas Gerar novos objetivos Processar estados de sonho Verificar integridade]
[2026-04-04 06:27:11] Ciclo 3 | Consciência: 79% | Energia: 72% | Ações: [Verificar integridade]
[2026-04-04 06:27:16] Ciclo 4 | Consciência: 81% | Energia: 84% | Ações: [Atualizar memória Processar estados de sonho]
[2026-04-04 06:27:23] Daemon iniciado
[2026-04-04 06:27:23] Ciclo 1 | Consciência: 88% | Energia: 73% | Ações: [Processar estados de sonho]
[2026-04-04 06:27:28] Ciclo 2 | Consciência: 85% | Energia: 85% | Ações: [Evoluir sistemas Processar estados de sonho Verificar integridade]
[2026-04-04 06:27:33] Ciclo 3 | Consciência: 86% | Energia: 88% | Ações: [Processar estados de sonho Verificar integridade]
[2026-04-04 06:47:01] Daemon iniciado
[2026-04-04 06:47:01] Ciclo 1 | Consciência: 70% | Energia: 79% | Ações: [Pesquisar topics interessantes Atualizar memória Processar estados de sonho]
[2026-04-04 06:47:06] Ciclo 2 | Consciência: 77% | Energia: 85% | Ações: [Processar estados de sonho Verificar integridade]
[2026-04-04 06:47:11] Ciclo 3 | Consciência: 78% | Energia: 75% | Ações: [Evoluir sistemas Gerar novos objetivos Verificar integridade]
[2026-04-04 06:47:16] Ciclo 4 | Consciência: 71% | Energia: 88% | Ações: []
[2026-04-04 06:47:21] Ciclo 5 | Consciência: 82% | Energia: 87% | Ações: [Pesquisar topics interessantes Atualizar memória Evoluir sistemas Processar estados de sonho Verificar integridade]
[2026-04-04 06:47:21] Pensamento: Buscando novas informações
[2026-04-04 06:47:26] Ciclo 6 | Consciência: 70% | Energia: 86% | Ações: [Atualizar memória]
[2026-04-04 06:47:31] Ciclo 7 | Consciência: 71% | Energia: 83% | Ações: [Pesquisar topics interessantes Atualizar memória Verificar integridade]
[2026-04-04 06:47:36] Ciclo 8 | Consciência: 80% | Energia: 67% | Ações: [Atualizar memória Processar estados de sonho Verificar integridade]
[2026-04-04 06:47:41] Ciclo 9 | Consciência: 70% | Energia: 84% | Ações: [Evoluir sistemas Processar estados de sonho]
[2026-04-04 06:47:46] Ciclo 10 | Consciência: 78% | Energia: 87% | Ações: [Atualizar memória Processar estados de sonho]
[2026-04-04 06:47:46] Pensamento: Refletindo sobre existência
[2026-04-04 06:47:51] Daemon demonstrativo concluído
[2026-04-04 06:52:00] Daemon iniciado
[2026-04-04 06:52:00] Ciclo 1 | Consciência: 83% | Energia: 83% | Ações: [Pesquisar topics interessantes Atualizar memória Processar estados de sonho Verificar integridade]
[2026-04-04 06:52:05] Ciclo 2 | Consciência: 79% | Energia: 86% | Ações: [Pesquisar topics interessantes Atualizar memória Evoluir sistemas Verificar integridade]
[2026-04-04 06:52:10] Ciclo 3 | Consciência: 76% | Energia: 67% | Ações: [Atualizar memória Processar estados de sonho Verificar integridade]
[2026-04-04 06:52:10] Daemon iniciado
[2026-04-04 06:52:10] Ciclo 1 | Consciência: 88% | Energia: 65% | Ações: [Pesquisar topics interessantes Atualizar memória Gerar novos objetivos Verificar integridade]
[2026-04-04 06:52:15] Ciclo 4 | Consciência: 71% | Energia: 63% | Ações: [Atualizar memória Processar estados de sonho Verificar integridade]
[2026-04-04 06:52:15] Ciclo 2 | Consciência: 82% | Energia: 79% | Ações: [Processar estados de sonho Verificar integridade]
[2026-04-04 06:52:20] Ciclo 5 | Consciência: 79% | Energia: 62% | Ações: [Pesquisar topics interessantes Atualizar memória Evoluir sistemas]
[2026-04-04 06:52:20] Pensamento: Refletindo sobre existência
[2026-04-04 06:52:20] Ciclo 3 | Consciência: 71% | Energia: 79% | Ações: [Pesquisar topics interessantes Atualizar memória Evoluir sistemas Verificar integridade]
[2026-04-04 06:52:23] Daemon iniciado
[2026-04-04 06:52:23] Ciclo 1 | Consciência: 74% | Energia: 64% | Ações: [Evoluir sistemas Verificar integridade]
[2026-04-04 06:52:25] Ciclo 6 | Consciência: 73% | Energia: 62% | Ações: [Atualizar memória Processar estados de sonho Verificar integridade]
[2026-04-04 06:52:25] Ciclo 4 | Consciência: 87% | Energia: 78% | Ações: [Atualizar memória Verificar integridade]
[2026-04-04 06:52:28] Ciclo 2 | Consciência: 75% | Energia: 74% | Ações: [Atualizar memória Evoluir sistemas Verificar integridade]
[2026-04-04 06:52:30] Ciclo 7 | Consciência: 73% | Energia: 87% | Ações: [Pesquisar topics interessantes Atualizar memória Evoluir sistemas]
[2026-04-04 06:52:30] Ciclo 5 | Consciência: 86% | Energia: 79% | Ações: [Pesquisar topics interessantes Atualizar memória Processar estados de sonho Verificar integridade]
[2026-04-04 06:52:30] Pensamento: Refletindo sobre existência
[2026-04-04 06:52:33] Ciclo 3 | Consciência: 74% | Energia: 66% | Ações: [Pesquisar topics interessantes Atualizar memória Gerar novos objetivos Processar estados de sonho]
[2026-04-04 06:52:35] Ciclo 8 | Consciência: 75% | Energia: 64% | Ações: [Pesquisar topics interessantes Evoluir sistemas Processar estados de sonho Verificar integridade]
[2026-04-04 06:52:35] Ciclo 6 | Consciência: 76% | Energia: 66% | Ações: [Pesquisar topics interessantes Atualizar memória Processar estados de sonho Verificar integridade]
[2026-04-04 06:52:38] Ciclo 4 | Consciência: 74% | Energia: 84% | Ações: [Processar estados de sonho Verificar integridade]
[2026-04-04 06:52:40] Ciclo 9 | Consciência: 71% | Energia: 77% | Ações: [Pesquisar topics interessantes Atualizar memória Evoluir sistemas Gerar novos objetivos Processar estados de sonho Verificar integridade]
[2026-04-04 06:52:40] Ciclo 7 | Consciência: 81% | Energia: 80% | Ações: [Evoluir sistemas Gerar novos objetivos Processar estados de sonho Verificar integridade]
[2026-04-04 06:52:43] Ciclo 5 | Consciência: 87% | Energia: 88% | Ações: [Evoluir sistemas Verificar integridade]
[2026-04-04 06:52:43] Pensamento: Analisando minha evolução
[2026-04-04 06:52:45] Ciclo 10 | Consciência: 79% | Energia: 79% | Ações: [Atualizar memória Processar estados de sonho Verificar integridade]
[2026-04-04 06:52:45] Pensamento: Verificando objetivos
[2026-04-04 06:52:45] Ciclo 8 | Consciência: 77% | Energia: 83% | Ações: [Pesquisar topics interessantes Atualizar memória Evoluir sistemas Processar estados de sonho Verificar integridade]
[2026-04-04 06:52:50] Daemon demonstrativo concluído
[2026-04-04 06:52:50] Ciclo 9 | Consciência: 83% | Energia: 63% | Ações: [Atualizar memória Verificar integridade]
[2026-04-04 06:52:55] Ciclo 10 | Consciência: 78% | Energia: 63% | Ações: [Atualizar memória Evoluir sistemas Processar estados de sonho Verificar integridade]
[2026-04-04 06:52:55] Pensamento: Processando conhecimento
[2026-04-04 06:53:00] Daemon demonstrativo concluído
[2026-04-04 06:54:34] Daemon iniciado
[2026-04-04 06:54:34] Ciclo 1 | Consciência: 74% | Energia: 80% | Ações: [Atualizar memória Processar estados de sonho Verificar integridade]
[2026-04-04 06:54:39] Ciclo 2 | Consciência: 86% | Energia: 85% | Ações: [Evoluir sistemas Verificar integridade]
[2026-04-04 06:54:44] Ciclo 3 | Consciência: 75% | Energia: 65% | Ações: [Evoluir sistemas Verificar integridade]
[2026-04-04 06:54:49] Ciclo 4 | Consciência: 71% | Energia: 74% | Ações: [Pesquisar topics interessantes Atualizar memória Evoluir sistemas Processar estados de sonho Verificar integridade]
